
Allocating common symbols
Common symbol       size              file

Alarm_Actuator_state_id
                    0x1               Alarm_Actuator_Driver.o
Alarm_actuator_state
                    0x4               Alarm_Actuator_Driver.o
Check_state         0x4               Main_Algorithm.o
Psensor_state       0x4               Pressure_Sensor.o
PSensor_state_id    0x1               main.o
Alarm_state         0x4               Alarm_Monitor.o
Alarm_state_id      0x1               Alarm_Monitor.o
Algorithm_state_id  0x1               main.o

Memory Configuration

Name             Origin             Length             Attributes
flash            0x08000000         0x00008000         xr
sram             0x20000000         0x00002800         xrw
*default*        0x00000000         0xffffffff

Linker script and memory map


.text           0x08000000      0x3fc
 *(.vectors*)
 .vectors       0x08000000       0x1c startup.o
                0x08000000                vectors
 *(.text*)
 .text          0x0800001c       0x50 Alarm_Actuator_Driver.o
                0x0800001c                Alarm_init
                0x08000028                StartAlarm
                0x08000038                StopAlarm
                0x08000048                ST_alarm_act_waiting
                0x08000054                ST_alarm_act_OFF
                0x08000060                ST_alarm_act_ON
 .text          0x0800006c       0x88 Alarm_Monitor.o
                0x0800006c                High_Pressure_Detected
                0x0800009c                ST_alarmOFF
                0x080000a8                ST_alarmON
                0x080000c4                ST_waiting
 .text          0x080000f4      0x10c driver.o
                0x080000f4                Delay
                0x08000118                getPressureVal
                0x08000130                Set_Alarm_actuator
                0x08000180                GPIO_INITIALIZATION
 .text          0x08000200       0xa0 main.o
                0x08000200                setup
                0x08000258                main
 .text          0x080002a0       0x5c Main_Algorithm.o
                0x080002a0                Set_Pressure_Val
                0x080002c0                ST_High_Pressure_check
 .text          0x080002fc       0x40 Pressure_Sensor.o
                0x080002fc                PSensor_init
                0x08000308                ST_PSensor_reading
                0x08000330                ST_PSensor_waiting
 .text          0x0800033c       0xc0 startup.o
                0x0800033c                MM_Fault
                0x0800033c                Bus_Fault
                0x0800033c                Default_Handler
                0x0800033c                Usage_Fault
                0x0800033c                Hard_Fault_Handler
                0x0800033c                NMI_Handler
                0x08000348                Reset_Handler
 *(.rodata)
                0x080003fc                _E_TEXT = .

.glue_7         0x080003fc        0x0
 .glue_7        0x00000000        0x0 linker stubs

.glue_7t        0x080003fc        0x0
 .glue_7t       0x00000000        0x0 linker stubs

.vfp11_veneer   0x080003fc        0x0
 .vfp11_veneer  0x00000000        0x0 linker stubs

.v4_bx          0x080003fc        0x0
 .v4_bx         0x00000000        0x0 linker stubs

.iplt           0x080003fc        0x0
 .iplt          0x00000000        0x0 Alarm_Actuator_Driver.o

.rel.dyn        0x080003fc        0x0
 .rel.iplt      0x00000000        0x0 Alarm_Actuator_Driver.o

.data           0x20000000        0xc load address 0x080003fc
                0x20000000                _S_DATA = .
 *(.data)
 .data          0x20000000        0x0 Alarm_Actuator_Driver.o
 .data          0x20000000        0x4 Alarm_Monitor.o
                0x20000000                AlarmPeriod
 .data          0x20000004        0x0 driver.o
 .data          0x20000004        0x0 main.o
 .data          0x20000004        0x4 Main_Algorithm.o
                0x20000004                Pressure_Threshold
 .data          0x20000008        0x4 Pressure_Sensor.o
                0x20000008                Pull_Timer
 .data          0x2000000c        0x0 startup.o
                0x2000000c                . = ALIGN (0x4)
                0x2000000c                _E_DATA = .

.igot.plt       0x2000000c        0x0 load address 0x08000408
 .igot.plt      0x00000000        0x0 Alarm_Actuator_Driver.o

.bss            0x2000000c     0x1024 load address 0x08000408
                0x2000000c                _S_BSS = .
 *(.bss)
 .bss           0x2000000c        0x0 Alarm_Actuator_Driver.o
 .bss           0x2000000c        0x4 Alarm_Monitor.o
                0x2000000c                AlarmTimer
 .bss           0x20000010        0x0 driver.o
 .bss           0x20000010        0x0 main.o
 .bss           0x20000010        0x4 Main_Algorithm.o
                0x20000010                pVal
 .bss           0x20000014        0x4 Pressure_Sensor.o
                0x20000014                PressureVal
 .bss           0x20000018        0x0 startup.o
                0x20000018                _E_BSS = .
                0x20000018                . = ALIGN (0x4)
                0x20001018                . = (. + 0x1000)
 *fill*         0x20000018     0x1000 
                0x20001018                _stack_top = .
 COMMON         0x20001018        0x8 Alarm_Actuator_Driver.o
                0x20001018                Alarm_Actuator_state_id
                0x2000101c                Alarm_actuator_state
 COMMON         0x20001020        0x5 Alarm_Monitor.o
                0x20001020                Alarm_state
                0x20001024                Alarm_state_id
 COMMON         0x20001025        0x2 main.o
                0x20001025                PSensor_state_id
                0x20001026                Algorithm_state_id
 *fill*         0x20001027        0x1 
 COMMON         0x20001028        0x4 Main_Algorithm.o
                0x20001028                Check_state
 COMMON         0x2000102c        0x4 Pressure_Sensor.o
                0x2000102c                Psensor_state
LOAD Alarm_Actuator_Driver.o
LOAD Alarm_Monitor.o
LOAD driver.o
LOAD main.o
LOAD Main_Algorithm.o
LOAD Pressure_Sensor.o
LOAD startup.o
OUTPUT(Pressure_Controller.elf elf32-littlearm)

.debug_info     0x00000000      0x8cc
 .debug_info    0x00000000      0x144 Alarm_Actuator_Driver.o
 .debug_info    0x00000144      0x152 Alarm_Monitor.o
 .debug_info    0x00000296      0x103 driver.o
 .debug_info    0x00000399      0x18b main.o
 .debug_info    0x00000524      0x11c Main_Algorithm.o
 .debug_info    0x00000640      0x123 Pressure_Sensor.o
 .debug_info    0x00000763      0x169 startup.o

.debug_abbrev   0x00000000      0x474
 .debug_abbrev  0x00000000       0x92 Alarm_Actuator_Driver.o
 .debug_abbrev  0x00000092       0xa5 Alarm_Monitor.o
 .debug_abbrev  0x00000137       0x9d driver.o
 .debug_abbrev  0x000001d4       0xa5 main.o
 .debug_abbrev  0x00000279       0xa5 Main_Algorithm.o
 .debug_abbrev  0x0000031e       0x92 Pressure_Sensor.o
 .debug_abbrev  0x000003b0       0xc4 startup.o

.debug_loc      0x00000000      0x430
 .debug_loc     0x00000000      0x108 Alarm_Actuator_Driver.o
 .debug_loc     0x00000108       0xbc Alarm_Monitor.o
 .debug_loc     0x000001c4       0xc8 driver.o
 .debug_loc     0x0000028c       0x58 main.o
 .debug_loc     0x000002e4       0x64 Main_Algorithm.o
 .debug_loc     0x00000348       0x84 Pressure_Sensor.o
 .debug_loc     0x000003cc       0x64 startup.o

.debug_aranges  0x00000000       0xe0
 .debug_aranges
                0x00000000       0x20 Alarm_Actuator_Driver.o
 .debug_aranges
                0x00000020       0x20 Alarm_Monitor.o
 .debug_aranges
                0x00000040       0x20 driver.o
 .debug_aranges
                0x00000060       0x20 main.o
 .debug_aranges
                0x00000080       0x20 Main_Algorithm.o
 .debug_aranges
                0x000000a0       0x20 Pressure_Sensor.o
 .debug_aranges
                0x000000c0       0x20 startup.o

.debug_line     0x00000000      0x384
 .debug_line    0x00000000       0x6f Alarm_Actuator_Driver.o
 .debug_line    0x0000006f       0x61 Alarm_Monitor.o
 .debug_line    0x000000d0       0x99 driver.o
 .debug_line    0x00000169       0xb4 main.o
 .debug_line    0x0000021d       0x5b Main_Algorithm.o
 .debug_line    0x00000278       0x5e Pressure_Sensor.o
 .debug_line    0x000002d6       0xae startup.o

.debug_str      0x00000000      0x3ff
 .debug_str     0x00000000      0x179 Alarm_Actuator_Driver.o
                                0x1b2 (size before relaxing)
 .debug_str     0x00000179       0x8c Alarm_Monitor.o
                                0x18a (size before relaxing)
 .debug_str     0x00000205       0x55 driver.o
                                0x13f (size before relaxing)
 .debug_str     0x0000025a       0x84 main.o
                                0x1fc (size before relaxing)
 .debug_str     0x000002de       0x51 Main_Algorithm.o
                                0x17a (size before relaxing)
 .debug_str     0x0000032f       0x50 Pressure_Sensor.o
                                0x185 (size before relaxing)
 .debug_str     0x0000037f       0x80 startup.o
                                0x16e (size before relaxing)

.comment        0x00000000       0x11
 .comment       0x00000000       0x11 Alarm_Actuator_Driver.o
                                 0x12 (size before relaxing)
 .comment       0x00000000       0x12 Alarm_Monitor.o
 .comment       0x00000000       0x12 driver.o
 .comment       0x00000000       0x12 main.o
 .comment       0x00000000       0x12 Main_Algorithm.o
 .comment       0x00000000       0x12 Pressure_Sensor.o
 .comment       0x00000000       0x12 startup.o

.ARM.attributes
                0x00000000       0x33
 .ARM.attributes
                0x00000000       0x33 Alarm_Actuator_Driver.o
 .ARM.attributes
                0x00000033       0x33 Alarm_Monitor.o
 .ARM.attributes
                0x00000066       0x33 driver.o
 .ARM.attributes
                0x00000099       0x33 main.o
 .ARM.attributes
                0x000000cc       0x33 Main_Algorithm.o
 .ARM.attributes
                0x000000ff       0x33 Pressure_Sensor.o
 .ARM.attributes
                0x00000132       0x33 startup.o

.debug_frame    0x00000000      0x2e0
 .debug_frame   0x00000000       0xa8 Alarm_Actuator_Driver.o
 .debug_frame   0x000000a8       0x84 Alarm_Monitor.o
 .debug_frame   0x0000012c       0x78 driver.o
 .debug_frame   0x000001a4       0x48 main.o
 .debug_frame   0x000001ec       0x48 Main_Algorithm.o
 .debug_frame   0x00000234       0x60 Pressure_Sensor.o
 .debug_frame   0x00000294       0x4c startup.o
